mode: set
upload-service/internal/service/album_service.go:21.68,23.2 1 1
upload-service/internal/service/album_service.go:25.81,27.16 2 1
upload-service/internal/service/album_service.go:27.16,30.3 2 0
upload-service/internal/service/album_service.go:31.2,31.20 1 1
upload-service/internal/service/album_service.go:34.101,35.13 1 1
upload-service/internal/service/album_service.go:35.13,37.3 1 0
upload-service/internal/service/album_service.go:39.2,40.16 2 1
upload-service/internal/service/album_service.go:40.16,43.3 2 0
upload-service/internal/service/album_service.go:44.2,44.18 1 1
upload-service/internal/service/album_service.go:44.18,46.3 1 1
upload-service/internal/service/album_service.go:48.2,49.16 2 1
upload-service/internal/service/album_service.go:49.16,52.3 2 0
upload-service/internal/service/album_service.go:54.2,55.18 2 1
upload-service/internal/service/album_service.go:58.109,59.22 1 1
upload-service/internal/service/album_service.go:59.22,61.3 1 0
upload-service/internal/service/album_service.go:62.2,62.25 1 1
upload-service/internal/service/album_service.go:62.25,64.3 1 0
upload-service/internal/service/album_service.go:65.2,65.24 1 1
upload-service/internal/service/album_service.go:65.24,67.3 1 1
upload-service/internal/service/album_service.go:68.2,68.23 1 1
upload-service/internal/service/album_service.go:68.23,70.3 1 0
upload-service/internal/service/album_service.go:72.2,73.16 2 1
upload-service/internal/service/album_service.go:73.16,75.3 1 0
upload-service/internal/service/album_service.go:76.2,76.15 1 1
upload-service/internal/service/album_service.go:76.15,77.17 1 1
upload-service/internal/service/album_service.go:77.17,79.4 1 0
upload-service/internal/service/album_service.go:82.2,83.16 2 1
upload-service/internal/service/album_service.go:83.16,85.3 1 0
upload-service/internal/service/album_service.go:87.2,88.16 2 1
upload-service/internal/service/album_service.go:88.16,90.3 1 0
upload-service/internal/service/album_service.go:92.2,93.22 2 1
upload-service/internal/service/album_service.go:93.22,95.3 1 0
upload-service/internal/service/album_service.go:97.2,97.22 1 1
upload-service/internal/service/album_service.go:97.22,98.83 1 1
upload-service/internal/service/album_service.go:98.83,100.4 1 0
upload-service/internal/service/album_service.go:103.2,103.36 1 1
upload-service/internal/service/album_service.go:103.36,105.3 1 0
upload-service/internal/service/album_service.go:107.2,108.21 2 1
upload-service/internal/service/album_service.go:111.83,112.24 1 1
upload-service/internal/service/album_service.go:112.24,114.3 1 1
upload-service/internal/service/album_service.go:116.2,117.16 2 1
upload-service/internal/service/album_service.go:117.16,119.3 1 0
upload-service/internal/service/album_service.go:120.2,120.26 1 1
upload-service/internal/service/album_service.go:120.26,122.3 1 0
upload-service/internal/service/album_service.go:124.2,124.22 1 1
upload-service/internal/service/album_service.go:124.22,126.3 1 1
upload-service/internal/service/album_service.go:127.2,127.24 1 1
upload-service/internal/service/album_service.go:127.24,129.3 1 1
upload-service/internal/service/album_service.go:131.2,131.55 1 1
upload-service/internal/service/album_service.go:131.55,134.3 2 1
upload-service/internal/service/album_service.go:136.2,137.12 2 1
upload-service/internal/service/album_service.go:140.63,142.30 2 1
upload-service/internal/service/album_service.go:142.30,144.3 1 1
upload-service/internal/service/album_service.go:145.2,146.27 2 1
upload-service/internal/service/album_service.go:146.27,147.23 1 1
upload-service/internal/service/album_service.go:147.23,149.4 1 0
upload-service/internal/service/album_service.go:151.2,151.16 1 1
upload-service/internal/service/artist_service.go:37.150,45.2 1 1
upload-service/internal/service/artist_service.go:47.84,49.16 2 1
upload-service/internal/service/artist_service.go:49.16,52.3 2 1
upload-service/internal/service/artist_service.go:53.2,53.21 1 1
upload-service/internal/service/artist_service.go:56.104,57.13 1 1
upload-service/internal/service/artist_service.go:57.13,59.3 1 1
upload-service/internal/service/artist_service.go:61.2,62.16 2 1
upload-service/internal/service/artist_service.go:62.16,65.3 2 1
upload-service/internal/service/artist_service.go:66.2,66.19 1 1
upload-service/internal/service/artist_service.go:66.19,68.3 1 1
upload-service/internal/service/artist_service.go:70.2,71.16 2 1
upload-service/internal/service/artist_service.go:71.16,74.3 2 0
upload-service/internal/service/artist_service.go:76.2,77.16 2 1
upload-service/internal/service/artist_service.go:77.16,80.3 2 0
upload-service/internal/service/artist_service.go:82.2,83.18 2 1
upload-service/internal/service/artist_service.go:86.112,87.23 1 1
upload-service/internal/service/artist_service.go:87.23,89.3 1 0
upload-service/internal/service/artist_service.go:91.2,92.16 2 1
upload-service/internal/service/artist_service.go:92.16,95.3 2 0
upload-service/internal/service/artist_service.go:96.2,96.27 1 1
upload-service/internal/service/artist_service.go:96.27,98.3 1 0
upload-service/internal/service/artist_service.go:100.2,101.16 2 1
upload-service/internal/service/artist_service.go:101.16,104.3 2 0
upload-service/internal/service/artist_service.go:106.2,113.16 4 1
upload-service/internal/service/artist_service.go:113.16,116.3 2 0
upload-service/internal/service/artist_service.go:118.2,119.16 2 1
upload-service/internal/service/artist_service.go:119.16,122.3 2 0
upload-service/internal/service/artist_service.go:123.2,127.16 4 1
upload-service/internal/service/artist_service.go:127.16,130.3 2 1
upload-service/internal/service/artist_service.go:131.2,133.38 2 1
upload-service/internal/service/artist_service.go:133.38,135.3 1 1
upload-service/internal/service/artist_service.go:137.2,144.16 4 1
upload-service/internal/service/artist_service.go:144.16,146.3 1 0
upload-service/internal/service/artist_service.go:148.2,148.51 1 1
upload-service/internal/service/artist_service.go:148.51,150.3 1 0
upload-service/internal/service/artist_service.go:152.2,152.22 1 1
upload-service/internal/service/artist_service.go:155.86,156.28 1 1
upload-service/internal/service/artist_service.go:156.28,158.3 1 1
upload-service/internal/service/artist_service.go:159.2,172.16 3 1
upload-service/internal/service/artist_service.go:172.16,174.3 1 0
upload-service/internal/service/artist_service.go:175.2,177.19 2 1
upload-service/internal/service/artist_service.go:177.19,179.3 1 0
upload-service/internal/service/artist_service.go:180.2,180.12 1 1
upload-service/internal/service/artist_service.go:183.87,184.26 1 1
upload-service/internal/service/artist_service.go:184.26,186.3 1 1
upload-service/internal/service/artist_service.go:188.2,189.16 2 1
upload-service/internal/service/artist_service.go:189.16,192.3 2 0
upload-service/internal/service/artist_service.go:193.2,193.27 1 1
upload-service/internal/service/artist_service.go:193.27,195.3 1 1
upload-service/internal/service/artist_service.go:197.2,197.23 1 1
upload-service/internal/service/artist_service.go:197.23,199.3 1 1
upload-service/internal/service/artist_service.go:201.2,201.57 1 1
upload-service/internal/service/artist_service.go:201.57,204.3 2 1
upload-service/internal/service/artist_service.go:206.2,207.12 2 1
upload-service/internal/service/artist_service.go:210.96,212.16 2 1
upload-service/internal/service/artist_service.go:212.16,214.3 1 1
upload-service/internal/service/artist_service.go:215.2,215.19 1 1
upload-service/internal/service/artist_service.go:215.19,217.3 1 1
upload-service/internal/service/artist_service.go:218.2,218.52 1 1
upload-service/internal/service/artist_service.go:221.98,239.16 3 1
upload-service/internal/service/artist_service.go:239.16,241.3 1 0
upload-service/internal/service/artist_service.go:242.2,252.66 3 1
upload-service/internal/service/artist_service.go:252.66,254.3 1 0
upload-service/internal/service/artist_service.go:256.2,257.39 2 1
upload-service/internal/service/artist_service.go:257.39,259.3 1 1
upload-service/internal/service/artist_service.go:261.2,261.21 1 1
upload-service/internal/service/genre_service.go:24.123,30.2 1 1
upload-service/internal/service/genre_service.go:32.81,34.16 2 1
upload-service/internal/service/genre_service.go:34.16,37.3 2 1
upload-service/internal/service/genre_service.go:38.2,38.20 1 0
upload-service/internal/service/genre_service.go:41.92,42.22 1 1
upload-service/internal/service/genre_service.go:42.22,44.3 1 1
upload-service/internal/service/genre_service.go:46.2,47.16 2 1
upload-service/internal/service/genre_service.go:47.16,50.3 2 1
upload-service/internal/service/genre_service.go:52.2,59.76 3 1
upload-service/internal/service/genre_service.go:59.76,61.3 1 0
upload-service/internal/service/genre_service.go:63.2,63.49 1 1
upload-service/internal/service/genre_service.go:63.49,65.3 1 0
upload-service/internal/service/genre_service.go:67.2,68.21 2 1
upload-service/internal/service/genre_service.go:71.82,72.28 1 1
upload-service/internal/service/genre_service.go:72.28,74.3 1 1
upload-service/internal/service/genre_service.go:75.2,84.16 3 1
upload-service/internal/service/genre_service.go:84.16,86.3 1 0
upload-service/internal/service/genre_service.go:87.2,89.19 2 1
upload-service/internal/service/genre_service.go:89.19,91.3 1 0
upload-service/internal/service/genre_service.go:92.2,92.12 1 1
upload-service/internal/service/genre_service.go:95.83,96.24 1 1
upload-service/internal/service/genre_service.go:96.24,98.3 1 1
upload-service/internal/service/genre_service.go:99.2,99.22 1 1
upload-service/internal/service/genre_service.go:99.22,101.3 1 1
upload-service/internal/service/genre_service.go:103.2,104.16 2 1
upload-service/internal/service/genre_service.go:104.16,107.3 2 1
upload-service/internal/service/genre_service.go:109.2,110.12 2 1
upload-service/internal/service/genre_service.go:113.95,129.16 2 1
upload-service/internal/service/genre_service.go:129.16,131.3 1 0
upload-service/internal/service/genre_service.go:132.2,142.66 3 1
upload-service/internal/service/genre_service.go:142.66,144.3 1 0
upload-service/internal/service/genre_service.go:146.2,147.39 2 1
upload-service/internal/service/genre_service.go:147.39,149.3 1 1
upload-service/internal/service/genre_service.go:151.2,151.20 1 1
upload-service/internal/service/search_service.go:19.70,24.2 1 1
upload-service/internal/service/search_service.go:26.95,43.16 3 1
upload-service/internal/service/search_service.go:43.16,45.3 1 0
upload-service/internal/service/search_service.go:46.2,48.19 2 1
upload-service/internal/service/search_service.go:48.19,51.3 2 1
upload-service/internal/service/search_service.go:53.2,60.66 2 1
upload-service/internal/service/search_service.go:60.66,62.3 1 1
upload-service/internal/service/search_service.go:64.2,65.39 2 1
upload-service/internal/service/search_service.go:65.39,68.3 2 1
upload-service/internal/service/search_service.go:69.2,69.21 1 1
upload-service/internal/service/search_service.go:72.103,93.16 3 1
upload-service/internal/service/search_service.go:93.16,95.3 1 0
upload-service/internal/service/search_service.go:96.2,98.19 2 1
upload-service/internal/service/search_service.go:98.19,101.3 2 0
upload-service/internal/service/search_service.go:103.2,110.66 2 1
upload-service/internal/service/search_service.go:110.66,112.3 1 0
upload-service/internal/service/search_service.go:114.2,115.39 2 1
upload-service/internal/service/search_service.go:115.39,118.3 2 1
upload-service/internal/service/search_service.go:119.2,119.21 1 1
upload-service/internal/service/song_service.go:33.166,41.2 1 1
upload-service/internal/service/song_service.go:43.89,45.16 2 1
upload-service/internal/service/song_service.go:45.16,48.3 2 0
upload-service/internal/service/song_service.go:50.2,51.29 2 1
upload-service/internal/service/song_service.go:51.29,53.17 2 1
upload-service/internal/service/song_service.go:53.17,56.4 2 0
upload-service/internal/service/song_service.go:58.3,59.17 2 1
upload-service/internal/service/song_service.go:59.17,62.4 2 0
upload-service/internal/service/song_service.go:64.3,64.83 1 1
upload-service/internal/service/song_service.go:67.2,67.23 1 1
upload-service/internal/service/song_service.go:70.98,71.13 1 1
upload-service/internal/service/song_service.go:71.13,73.3 1 1
upload-service/internal/service/song_service.go:75.2,76.16 2 1
upload-service/internal/service/song_service.go:76.16,79.3 2 1
upload-service/internal/service/song_service.go:80.2,80.17 1 1
upload-service/internal/service/song_service.go:80.17,82.3 1 1
upload-service/internal/service/song_service.go:84.2,85.16 2 1
upload-service/internal/service/song_service.go:85.16,88.3 2 0
upload-service/internal/service/song_service.go:90.2,91.16 2 1
upload-service/internal/service/song_service.go:91.16,94.3 2 1
upload-service/internal/service/song_service.go:96.2,97.18 2 1
upload-service/internal/service/song_service.go:100.136,101.21 1 1
upload-service/internal/service/song_service.go:101.21,103.3 1 1
upload-service/internal/service/song_service.go:104.2,104.23 1 1
upload-service/internal/service/song_service.go:104.23,106.3 1 1
upload-service/internal/service/song_service.go:107.2,107.25 1 1
upload-service/internal/service/song_service.go:107.25,109.3 1 1
upload-service/internal/service/song_service.go:110.2,110.25 1 1
upload-service/internal/service/song_service.go:110.25,112.3 1 1
upload-service/internal/service/song_service.go:114.2,115.16 2 1
upload-service/internal/service/song_service.go:115.16,118.3 2 0
upload-service/internal/service/song_service.go:119.2,119.40 1 1
upload-service/internal/service/song_service.go:119.40,122.3 2 1
upload-service/internal/service/song_service.go:124.2,125.41 2 1
upload-service/internal/service/song_service.go:125.41,130.17 3 1
upload-service/internal/service/song_service.go:130.17,133.4 2 0
upload-service/internal/service/song_service.go:135.3,141.17 5 1
upload-service/internal/service/song_service.go:141.17,144.4 2 0
upload-service/internal/service/song_service.go:146.3,153.17 4 1
upload-service/internal/service/song_service.go:153.17,155.4 1 0
upload-service/internal/service/song_service.go:157.3,158.17 2 1
upload-service/internal/service/song_service.go:158.17,160.4 1 0
upload-service/internal/service/song_service.go:161.3,162.23 2 1
upload-service/internal/service/song_service.go:162.23,164.4 1 1
upload-service/internal/service/song_service.go:166.3,167.17 2 1
upload-service/internal/service/song_service.go:167.17,169.4 1 0
upload-service/internal/service/song_service.go:170.3,171.22 2 1
upload-service/internal/service/song_service.go:171.22,173.4 1 1
upload-service/internal/service/song_service.go:175.3,184.56 2 1
upload-service/internal/service/song_service.go:184.56,186.4 1 0
upload-service/internal/service/song_service.go:188.3,188.74 1 1
upload-service/internal/service/song_service.go:190.2,190.12 1 1
upload-service/internal/service/song_service.go:193.85,194.28 1 1
upload-service/internal/service/song_service.go:194.28,196.3 1 1
upload-service/internal/service/song_service.go:197.2,198.16 2 1
upload-service/internal/service/song_service.go:198.16,200.3 1 0
upload-service/internal/service/song_service.go:202.2,209.16 2 1
upload-service/internal/service/song_service.go:209.16,211.3 1 0
upload-service/internal/service/song_service.go:212.2,214.19 2 1
upload-service/internal/service/song_service.go:214.19,216.3 1 0
upload-service/internal/service/song_service.go:217.2,217.12 1 1
upload-service/internal/service/song_service.go:220.49,225.2 4 1
upload-service/internal/service/song_service.go:227.79,228.22 1 1
upload-service/internal/service/song_service.go:228.22,230.3 1 1
upload-service/internal/service/song_service.go:232.2,233.16 2 1
upload-service/internal/service/song_service.go:233.16,236.3 2 0
upload-service/internal/service/song_service.go:237.2,237.25 1 1
upload-service/internal/service/song_service.go:237.25,239.3 1 0
upload-service/internal/service/song_service.go:241.2,241.21 1 1
upload-service/internal/service/song_service.go:241.21,243.3 1 1
upload-service/internal/service/song_service.go:244.2,244.23 1 1
upload-service/internal/service/song_service.go:244.23,246.3 1 1
upload-service/internal/service/song_service.go:248.2,248.53 1 1
upload-service/internal/service/song_service.go:248.53,251.3 2 1
upload-service/internal/service/song_service.go:252.2,252.12 1 1
upload-service/internal/service/song_service.go:255.54,257.30 2 1
upload-service/internal/service/song_service.go:257.30,259.3 1 1
upload-service/internal/service/song_service.go:260.2,261.27 2 1
upload-service/internal/service/song_service.go:261.27,262.23 1 1
upload-service/internal/service/song_service.go:262.23,264.4 1 1
upload-service/internal/service/song_service.go:266.2,266.16 1 1
upload-service/internal/service/song_service.go:269.97,271.2 1 1
upload-service/internal/service/song_service.go:273.101,275.2 1 0
upload-service/internal/service/song_service.go:277.112,280.36 2 1
upload-service/internal/service/song_service.go:280.36,281.18 1 1
upload-service/internal/service/song_service.go:281.18,290.4 1 1
upload-service/internal/service/song_service.go:293.2,307.16 3 1
upload-service/internal/service/song_service.go:307.16,309.3 1 0
upload-service/internal/service/song_service.go:310.2,320.66 3 1
upload-service/internal/service/song_service.go:320.66,322.3 1 0
upload-service/internal/service/song_service.go:324.2,325.39 2 1
upload-service/internal/service/song_service.go:325.39,327.3 1 1
upload-service/internal/service/song_service.go:329.2,329.19 1 1
