mode: set
auth_service/internal/transport/http/middleware/api_key_middleware.go:7.75,8.46 1 1
auth_service/internal/transport/http/middleware/api_key_middleware.go:8.46,9.72 1 1
auth_service/internal/transport/http/middleware/api_key_middleware.go:9.72,12.29 2 1
auth_service/internal/transport/http/middleware/api_key_middleware.go:12.29,15.5 2 1
auth_service/internal/transport/http/middleware/api_key_middleware.go:16.4,16.24 1 1
auth_service/internal/transport/http/middleware/auth.go:13.59,16.2 2 1
auth_service/internal/transport/http/middleware/auth.go:18.93,19.46 1 1
auth_service/internal/transport/http/middleware/auth.go:19.46,20.72 1 1
auth_service/internal/transport/http/middleware/auth.go:20.72,22.18 2 1
auth_service/internal/transport/http/middleware/auth.go:22.18,25.5 2 1
auth_service/internal/transport/http/middleware/auth.go:26.4,29.18 3 1
auth_service/internal/transport/http/middleware/auth.go:29.18,32.5 2 1
auth_service/internal/transport/http/middleware/auth.go:34.4,35.41 2 1
auth_service/internal/transport/http/middleware/role_middleware.go:11.58,14.2 2 0
auth_service/internal/transport/http/middleware/role_middleware.go:16.59,17.36 1 0
auth_service/internal/transport/http/middleware/role_middleware.go:17.36,18.23 1 0
auth_service/internal/transport/http/middleware/role_middleware.go:18.23,20.4 1 0
auth_service/internal/transport/http/middleware/role_middleware.go:22.2,22.14 1 0
auth_service/internal/transport/http/middleware/role_middleware.go:25.117,26.46 1 1
auth_service/internal/transport/http/middleware/role_middleware.go:26.46,27.72 1 1
auth_service/internal/transport/http/middleware/role_middleware.go:27.72,29.18 2 1
auth_service/internal/transport/http/middleware/role_middleware.go:29.18,32.5 2 1
auth_service/internal/transport/http/middleware/role_middleware.go:33.4,36.18 3 1
auth_service/internal/transport/http/middleware/role_middleware.go:36.18,39.5 2 1
auth_service/internal/transport/http/middleware/role_middleware.go:41.4,42.18 2 1
auth_service/internal/transport/http/middleware/role_middleware.go:42.18,45.5 2 0
auth_service/internal/transport/http/middleware/role_middleware.go:47.4,48.46 2 1
auth_service/internal/transport/http/middleware/role_middleware.go:48.46,51.5 2 1
auth_service/internal/transport/http/middleware/role_middleware.go:53.4,55.41 3 0
