mode: set
github.com/Adaptation-Sound-Studio/mai_project_2025/analysis/analytics-service/internal/transport/http/handler/artist_handler.go:18.79,20.2 1 1
github.com/Adaptation-Sound-Studio/mai_project_2025/analysis/analytics-service/internal/transport/http/handler/artist_handler.go:22.78,23.50 1 1
github.com/Adaptation-Sound-Studio/mai_project_2025/analysis/analytics-service/internal/transport/http/handler/artist_handler.go:23.50,26.3 2 1
github.com/Adaptation-Sound-Studio/mai_project_2025/analysis/analytics-service/internal/transport/http/handler/artist_handler.go:28.2,29.64 2 1
github.com/Adaptation-Sound-Studio/mai_project_2025/analysis/analytics-service/internal/transport/http/handler/artist_handler.go:29.64,32.3 2 0
github.com/Adaptation-Sound-Studio/mai_project_2025/analysis/analytics-service/internal/transport/http/handler/artist_handler.go:34.2,34.56 1 1
github.com/Adaptation-Sound-Studio/mai_project_2025/analysis/analytics-service/internal/transport/http/handler/artist_handler.go:34.56,37.3 2 0
github.com/Adaptation-Sound-Studio/mai_project_2025/analysis/analytics-service/internal/transport/http/handler/artist_handler.go:39.2,40.35 2 1
github.com/Adaptation-Sound-Studio/mai_project_2025/analysis/analytics-service/internal/transport/http/handler/artist_handler.go:42.86,46.16 4 0
github.com/Adaptation-Sound-Studio/mai_project_2025/analysis/analytics-service/internal/transport/http/handler/artist_handler.go:46.16,49.3 2 0
github.com/Adaptation-Sound-Studio/mai_project_2025/analysis/analytics-service/internal/transport/http/handler/artist_handler.go:51.2,52.46 2 0
github.com/Adaptation-Sound-Studio/mai_project_2025/analysis/analytics-service/internal/transport/http/handler/artist_handler.go:52.46,53.57 1 0
github.com/Adaptation-Sound-Studio/mai_project_2025/analysis/analytics-service/internal/transport/http/handler/artist_handler.go:53.57,55.4 1 0
github.com/Adaptation-Sound-Studio/mai_project_2025/analysis/analytics-service/internal/transport/http/handler/artist_handler.go:58.2,59.16 2 0
github.com/Adaptation-Sound-Studio/mai_project_2025/analysis/analytics-service/internal/transport/http/handler/artist_handler.go:59.16,62.3 2 0
github.com/Adaptation-Sound-Studio/mai_project_2025/analysis/analytics-service/internal/transport/http/handler/artist_handler.go:64.2,65.36 2 0
github.com/Adaptation-Sound-Studio/mai_project_2025/analysis/analytics-service/internal/transport/http/handler/artist_handler.go:68.87,70.46 2 0
github.com/Adaptation-Sound-Studio/mai_project_2025/analysis/analytics-service/internal/transport/http/handler/artist_handler.go:70.46,71.57 1 0
github.com/Adaptation-Sound-Studio/mai_project_2025/analysis/analytics-service/internal/transport/http/handler/artist_handler.go:71.57,73.4 1 0
github.com/Adaptation-Sound-Studio/mai_project_2025/analysis/analytics-service/internal/transport/http/handler/artist_handler.go:76.2,77.16 2 0
github.com/Adaptation-Sound-Studio/mai_project_2025/analysis/analytics-service/internal/transport/http/handler/artist_handler.go:77.16,80.3 2 0
github.com/Adaptation-Sound-Studio/mai_project_2025/analysis/analytics-service/internal/transport/http/handler/artist_handler.go:82.2,83.36 2 0
github.com/Adaptation-Sound-Studio/mai_project_2025/analysis/analytics-service/internal/transport/http/handler/fact_handler.go:16.79,18.2 1 1
github.com/Adaptation-Sound-Studio/mai_project_2025/analysis/analytics-service/internal/transport/http/handler/fact_handler.go:20.74,21.50 1 1
github.com/Adaptation-Sound-Studio/mai_project_2025/analysis/analytics-service/internal/transport/http/handler/fact_handler.go:21.50,24.3 2 0
github.com/Adaptation-Sound-Studio/mai_project_2025/analysis/analytics-service/internal/transport/http/handler/fact_handler.go:26.2,27.62 2 1
github.com/Adaptation-Sound-Studio/mai_project_2025/analysis/analytics-service/internal/transport/http/handler/fact_handler.go:27.62,30.3 2 1
github.com/Adaptation-Sound-Studio/mai_project_2025/analysis/analytics-service/internal/transport/http/handler/fact_handler.go:32.2,32.47 1 1
github.com/Adaptation-Sound-Studio/mai_project_2025/analysis/analytics-service/internal/transport/http/handler/fact_handler.go:32.47,35.3 2 1
github.com/Adaptation-Sound-Studio/mai_project_2025/analysis/analytics-service/internal/transport/http/handler/fact_handler.go:37.2,38.33 2 1
github.com/Adaptation-Sound-Studio/mai_project_2025/analysis/analytics-service/internal/transport/http/handler/genre_handler.go:18.82,20.2 1 1
github.com/Adaptation-Sound-Studio/mai_project_2025/analysis/analytics-service/internal/transport/http/handler/genre_handler.go:22.76,23.50 1 1
github.com/Adaptation-Sound-Studio/mai_project_2025/analysis/analytics-service/internal/transport/http/handler/genre_handler.go:23.50,26.3 2 1
github.com/Adaptation-Sound-Studio/mai_project_2025/analysis/analytics-service/internal/transport/http/handler/genre_handler.go:28.2,29.63 2 1
github.com/Adaptation-Sound-Studio/mai_project_2025/analysis/analytics-service/internal/transport/http/handler/genre_handler.go:29.63,32.3 2 1
github.com/Adaptation-Sound-Studio/mai_project_2025/analysis/analytics-service/internal/transport/http/handler/genre_handler.go:34.2,34.54 1 1
github.com/Adaptation-Sound-Studio/mai_project_2025/analysis/analytics-service/internal/transport/http/handler/genre_handler.go:34.54,37.3 2 1
github.com/Adaptation-Sound-Studio/mai_project_2025/analysis/analytics-service/internal/transport/http/handler/genre_handler.go:39.2,40.34 2 1
github.com/Adaptation-Sound-Studio/mai_project_2025/analysis/analytics-service/internal/transport/http/handler/genre_handler.go:43.84,48.16 4 1
github.com/Adaptation-Sound-Studio/mai_project_2025/analysis/analytics-service/internal/transport/http/handler/genre_handler.go:48.16,51.3 2 0
github.com/Adaptation-Sound-Studio/mai_project_2025/analysis/analytics-service/internal/transport/http/handler/genre_handler.go:53.2,54.46 2 1
github.com/Adaptation-Sound-Studio/mai_project_2025/analysis/analytics-service/internal/transport/http/handler/genre_handler.go:54.46,55.57 1 1
github.com/Adaptation-Sound-Studio/mai_project_2025/analysis/analytics-service/internal/transport/http/handler/genre_handler.go:55.57,57.4 1 1
github.com/Adaptation-Sound-Studio/mai_project_2025/analysis/analytics-service/internal/transport/http/handler/genre_handler.go:60.2,61.16 2 1
github.com/Adaptation-Sound-Studio/mai_project_2025/analysis/analytics-service/internal/transport/http/handler/genre_handler.go:61.16,64.3 2 1
github.com/Adaptation-Sound-Studio/mai_project_2025/analysis/analytics-service/internal/transport/http/handler/genre_handler.go:66.2,67.35 2 1
github.com/Adaptation-Sound-Studio/mai_project_2025/analysis/analytics-service/internal/transport/http/handler/genre_handler.go:70.85,72.46 2 1
github.com/Adaptation-Sound-Studio/mai_project_2025/analysis/analytics-service/internal/transport/http/handler/genre_handler.go:72.46,73.57 1 1
github.com/Adaptation-Sound-Studio/mai_project_2025/analysis/analytics-service/internal/transport/http/handler/genre_handler.go:73.57,75.4 1 1
github.com/Adaptation-Sound-Studio/mai_project_2025/analysis/analytics-service/internal/transport/http/handler/genre_handler.go:78.2,79.16 2 1
github.com/Adaptation-Sound-Studio/mai_project_2025/analysis/analytics-service/internal/transport/http/handler/genre_handler.go:79.16,82.3 2 1
github.com/Adaptation-Sound-Studio/mai_project_2025/analysis/analytics-service/internal/transport/http/handler/genre_handler.go:84.2,85.35 2 1
github.com/Adaptation-Sound-Studio/mai_project_2025/analysis/analytics-service/internal/transport/http/handler/genre_handler.go:88.84,90.46 2 1
github.com/Adaptation-Sound-Studio/mai_project_2025/analysis/analytics-service/internal/transport/http/handler/genre_handler.go:90.46,91.57 1 1
github.com/Adaptation-Sound-Studio/mai_project_2025/analysis/analytics-service/internal/transport/http/handler/genre_handler.go:91.57,93.4 1 1
github.com/Adaptation-Sound-Studio/mai_project_2025/analysis/analytics-service/internal/transport/http/handler/genre_handler.go:96.2,97.16 2 1
github.com/Adaptation-Sound-Studio/mai_project_2025/analysis/analytics-service/internal/transport/http/handler/genre_handler.go:97.16,100.3 2 1
github.com/Adaptation-Sound-Studio/mai_project_2025/analysis/analytics-service/internal/transport/http/handler/genre_handler.go:102.2,103.35 2 1
github.com/Adaptation-Sound-Studio/mai_project_2025/analysis/analytics-service/internal/transport/http/handler/genre_handler.go:106.86,108.46 2 1
github.com/Adaptation-Sound-Studio/mai_project_2025/analysis/analytics-service/internal/transport/http/handler/genre_handler.go:108.46,109.57 1 1
github.com/Adaptation-Sound-Studio/mai_project_2025/analysis/analytics-service/internal/transport/http/handler/genre_handler.go:109.57,111.4 1 1
github.com/Adaptation-Sound-Studio/mai_project_2025/analysis/analytics-service/internal/transport/http/handler/genre_handler.go:114.2,115.16 2 1
github.com/Adaptation-Sound-Studio/mai_project_2025/analysis/analytics-service/internal/transport/http/handler/genre_handler.go:115.16,118.3 2 1
github.com/Adaptation-Sound-Studio/mai_project_2025/analysis/analytics-service/internal/transport/http/handler/genre_handler.go:120.2,121.35 2 1
github.com/Adaptation-Sound-Studio/mai_project_2025/analysis/analytics-service/internal/transport/http/handler/genre_handler.go:124.82,126.46 2 1
github.com/Adaptation-Sound-Studio/mai_project_2025/analysis/analytics-service/internal/transport/http/handler/genre_handler.go:126.46,127.57 1 1
github.com/Adaptation-Sound-Studio/mai_project_2025/analysis/analytics-service/internal/transport/http/handler/genre_handler.go:127.57,129.4 1 1
github.com/Adaptation-Sound-Studio/mai_project_2025/analysis/analytics-service/internal/transport/http/handler/genre_handler.go:132.2,133.16 2 1
github.com/Adaptation-Sound-Studio/mai_project_2025/analysis/analytics-service/internal/transport/http/handler/genre_handler.go:133.16,136.3 2 1
github.com/Adaptation-Sound-Studio/mai_project_2025/analysis/analytics-service/internal/transport/http/handler/genre_handler.go:138.2,139.35 2 1
github.com/Adaptation-Sound-Studio/mai_project_2025/analysis/analytics-service/internal/transport/http/handler/genre_handler.go:142.86,144.46 2 1
github.com/Adaptation-Sound-Studio/mai_project_2025/analysis/analytics-service/internal/transport/http/handler/genre_handler.go:144.46,145.57 1 1
github.com/Adaptation-Sound-Studio/mai_project_2025/analysis/analytics-service/internal/transport/http/handler/genre_handler.go:145.57,147.4 1 1
github.com/Adaptation-Sound-Studio/mai_project_2025/analysis/analytics-service/internal/transport/http/handler/genre_handler.go:150.2,151.16 2 1
github.com/Adaptation-Sound-Studio/mai_project_2025/analysis/analytics-service/internal/transport/http/handler/genre_handler.go:151.16,154.3 2 1
github.com/Adaptation-Sound-Studio/mai_project_2025/analysis/analytics-service/internal/transport/http/handler/genre_handler.go:156.2,157.35 2 1
github.com/Adaptation-Sound-Studio/mai_project_2025/analysis/analytics-service/internal/transport/http/handler/song_handler.go:18.79,20.2 1 1
github.com/Adaptation-Sound-Studio/mai_project_2025/analysis/analytics-service/internal/transport/http/handler/song_handler.go:22.74,23.50 1 1
github.com/Adaptation-Sound-Studio/mai_project_2025/analysis/analytics-service/internal/transport/http/handler/song_handler.go:23.50,26.3 2 0
github.com/Adaptation-Sound-Studio/mai_project_2025/analysis/analytics-service/internal/transport/http/handler/song_handler.go:28.2,29.62 2 1
github.com/Adaptation-Sound-Studio/mai_project_2025/analysis/analytics-service/internal/transport/http/handler/song_handler.go:29.62,32.3 2 1
github.com/Adaptation-Sound-Studio/mai_project_2025/analysis/analytics-service/internal/transport/http/handler/song_handler.go:34.2,34.52 1 1
github.com/Adaptation-Sound-Studio/mai_project_2025/analysis/analytics-service/internal/transport/http/handler/song_handler.go:34.52,37.3 2 0
github.com/Adaptation-Sound-Studio/mai_project_2025/analysis/analytics-service/internal/transport/http/handler/song_handler.go:39.2,40.33 2 1
github.com/Adaptation-Sound-Studio/mai_project_2025/analysis/analytics-service/internal/transport/http/handler/song_handler.go:43.79,44.50 1 1
github.com/Adaptation-Sound-Studio/mai_project_2025/analysis/analytics-service/internal/transport/http/handler/song_handler.go:44.50,47.3 2 0
github.com/Adaptation-Sound-Studio/mai_project_2025/analysis/analytics-service/internal/transport/http/handler/song_handler.go:48.2,50.20 3 1
github.com/Adaptation-Sound-Studio/mai_project_2025/analysis/analytics-service/internal/transport/http/handler/song_handler.go:50.20,51.56 1 1
github.com/Adaptation-Sound-Studio/mai_project_2025/analysis/analytics-service/internal/transport/http/handler/song_handler.go:51.56,53.4 1 1
github.com/Adaptation-Sound-Studio/mai_project_2025/analysis/analytics-service/internal/transport/http/handler/song_handler.go:56.2,57.16 2 1
github.com/Adaptation-Sound-Studio/mai_project_2025/analysis/analytics-service/internal/transport/http/handler/song_handler.go:57.16,60.3 2 1
github.com/Adaptation-Sound-Studio/mai_project_2025/analysis/analytics-service/internal/transport/http/handler/song_handler.go:62.2,62.34 1 1
github.com/Adaptation-Sound-Studio/mai_project_2025/analysis/analytics-service/internal/transport/http/handler/song_handler.go:65.82,69.16 4 1
github.com/Adaptation-Sound-Studio/mai_project_2025/analysis/analytics-service/internal/transport/http/handler/song_handler.go:69.16,72.3 2 0
github.com/Adaptation-Sound-Studio/mai_project_2025/analysis/analytics-service/internal/transport/http/handler/song_handler.go:74.2,75.46 2 1
github.com/Adaptation-Sound-Studio/mai_project_2025/analysis/analytics-service/internal/transport/http/handler/song_handler.go:75.46,76.57 1 1
github.com/Adaptation-Sound-Studio/mai_project_2025/analysis/analytics-service/internal/transport/http/handler/song_handler.go:76.57,78.4 1 1
github.com/Adaptation-Sound-Studio/mai_project_2025/analysis/analytics-service/internal/transport/http/handler/song_handler.go:81.2,82.16 2 1
github.com/Adaptation-Sound-Studio/mai_project_2025/analysis/analytics-service/internal/transport/http/handler/song_handler.go:82.16,85.3 2 1
github.com/Adaptation-Sound-Studio/mai_project_2025/analysis/analytics-service/internal/transport/http/handler/song_handler.go:87.2,88.34 2 1
github.com/Adaptation-Sound-Studio/mai_project_2025/analysis/analytics-service/internal/transport/http/handler/song_handler.go:91.83,93.46 2 1
github.com/Adaptation-Sound-Studio/mai_project_2025/analysis/analytics-service/internal/transport/http/handler/song_handler.go:93.46,94.57 1 1
github.com/Adaptation-Sound-Studio/mai_project_2025/analysis/analytics-service/internal/transport/http/handler/song_handler.go:94.57,96.4 1 1
github.com/Adaptation-Sound-Studio/mai_project_2025/analysis/analytics-service/internal/transport/http/handler/song_handler.go:99.2,100.16 2 1
github.com/Adaptation-Sound-Studio/mai_project_2025/analysis/analytics-service/internal/transport/http/handler/song_handler.go:100.16,103.3 2 1
github.com/Adaptation-Sound-Studio/mai_project_2025/analysis/analytics-service/internal/transport/http/handler/song_handler.go:105.2,106.34 2 1
